[PASS] ok_global_int
[PASS] only_struct
[PASS] array_index
[PASS] control_flow
[PASS] nested_switch_loop
[PASS] elseif_chaining
[PASS] switch_const_expr
[PASS] switch_continue_loop
[PASS] block_comment
[PASS] compound_assign
[PASS] compound_assign_for
[PASS] labeled_break
[PASS] labeled_continue
[PASS] labeled_while
[PASS] forward_decl
[PASS] forward_decl_pointer
[PASS] extern_function_link_name
[PASS] extern_global_link_name
[PASS] cstring_alias_type
[PASS] nested_function_pointer_type_annotation
[PASS] new_calloc
[PASS] new_calloc_fixed
[PASS] pointers
[PASS] pointer_null
[PASS] runtime_null_deref_check
[PASS] runtime_array_bounds_check
[PASS] stack_trace_support
[PASS] pointer_param_address
[PASS] call_many_args
[PASS] import_relative_no_ext
[PASS] import_circular
[PASS] import_include_path
[PASS] import_std_core
[PASS] std_io
[PASS] std_win32
[PASS] std_ui
[PASS] enum
[PASS] prelude
[PASS] string_escape_codegen
[PASS] char_literals
[PASS] logical_ops
[PASS] multiline_continuation
[PASS] sizeof_static_assert
[PASS] strncmp_slice
[PASS] narrowing_conversions
[PASS] signed_negation
[PASS] signed_division
[PASS] signed_comparison
[PASS] float_negative_comparison
[PASS] signed_wraparound
[PASS] signed_arithmetic
[PASS] sign_extension
[PASS] unsigned_zero_ext
[PASS] unsigned_division
[PASS] mixed_signed_unsigned
[PASS] narrowing_reverify
[PASS] integer_literal_wide
[PASS] stack_mixed_locals
[PASS] stack_large_struct
[PASS] stack_array_scalar
[PASS] stack_array_struct_stride
[PASS] int64_truncate
[PASS] string_length
[PASS] struct_new_zeroed
[PASS] struct_field_offset
[PASS] import_exported
[PASS] import_namespaced
[PASS] traits_generic_bound
[PASS] traits_multiple_where_bounds
[PASS] trait_methods_generic_dispatch
[PASS] import_trait_bound
[PASS] import_enum_switch
[PASS] tagged_enum_match
[PASS] extern_signed_param
[PASS] extern_signed_return
[PASS] extern_cstring
[PASS] extern_string_auto_cstring
[PASS] std_conv_format_i64
[PASS] abi_int4_regs
[PASS] abi_int_stack
[PASS] abi_return_int
[PASS] abi_return_int64
[PASS] abi_float_args
[PASS] abi_float_return
[PASS] abi_float_symbol_args
[PASS] abi_mixed_args
[PASS] abi_shadow_space
[PASS] abi_prologue
[PASS] abi_pointer_arg
[PASS] abi_extern_calling_convention
[PASS] abi_callee_saved
[PASS] abi_stack_alignment
[PASS] abi_float4_args
[PASS] abi_float_stack
[PASS] abi_void_return
[PASS] abi_small_int_args
[PASS] abi_nested_calls
[PASS] abi_indirect_call
[PASS] stress_integrated
[PASS] bitwise
[PASS] modulo
[PASS] logical_not
[PASS] optimize_ir_passes
[PASS] opt_dead_temp
[PASS] opt_symbol_temp_forwarding
[PASS] opt_strength_cse
[PASS] opt_loop_unroll
[PASS] opt_mod_even_check
[FAIL] opt_collatz_odd_fold :: IR output missing required pattern '(?s)binary %t[0-9]+ = 3 \* @x.*binary @x = %t[0-9]+ \+ 1.*binary @x = @x >> 1.*binary @count = @count \+ 2.*jump ir_while_'
mettle.exe : Note: transitional runtime objects detected at 'G:\Projects\Mettle\bin\runtime'. Use --build to assemble 
and link them automatically when needed (most programs link nothing from this directory).
At G:\Projects\Mettle\tests\run_tests.ps1:906 char:15
+ ...   $output = & $CompilerPath @caseArgs $case.Path -o $outFile 2>&1 | O ...
+                 ~~~~~~~~~~~~~~~~~~~~~~~~~~~~~~~~~~~~~~~~~~~~~~~~~~~~~
    + CategoryInfo          : NotSpecified: (Note: transitio...his directory).:String) [], RemoteException
    + FullyQualifiedErrorId : NativeCommandError
[PASS] opt_popcount_fold
[FAIL] opt_popcount_buffer_fuse :: Expected success, got exit code 1
mettle.exe : Warning: Internal linker PE emission failed: Unresolved external symbol 'mettle_crash_write_stderr'
At G:\Projects\Mettle\tests\run_tests.ps1:906 char:15
+ ...   $output = & $CompilerPath @caseArgs $case.Path -o $outFile 2>&1 | O ...
+                 ~~~~~~~~~~~~~~~~~~~~~~~~~~~~~~~~~~~~~~~~~~~~~~~~~~~~~
    + CategoryInfo          : NotSpecified: (Warning: Intern...h_write_stderr':String) [], RemoteException
    + FullyQualifiedErrorId : NativeCommandError
 
Error: Internal linker failed to produce an executable
[FAIL] opt_popcount_buffer_fuse_release :: IR output missing required pattern 'load %pbf[0-9]+_raw'
Built executable 'C:\Users\Marquis\AppData\Local\Temp\Mettle-test-artifacts\opt_popcount_buffer_fuse_release.s'
[PASS] opt_branch_notzero_forward
[PASS] opt_branch_eq_chain
[PASS] opt_cfg_cleanup
[PASS] opt_memcpy_const
[PASS] opt_inline_loop_fn
[PASS] opt_no_inline_fib_guard
[PASS] opt_sum_i32
[FAIL] opt_ptr_induction :: IR output missing required pattern 'load %'
Built executable 'C:\Users\Marquis\AppData\Local\Temp\Mettle-test-artifacts\opt_ptr_induction.s'
[PASS] opt_prefix_sum_i32
[FAIL] opt_simd_minmax_i32 :: IR output missing required pattern 'simd_minmax_i32'
Built executable 'C:\Users\Marquis\AppData\Local\Temp\Mettle-test-artifacts\opt_simd_minmax_i32.s'
[FAIL] opt_simd_clamp_shape :: IR output missing required pattern 'simd_clamp_i32'
Built executable 'C:\Users\Marquis\AppData\Local\Temp\Mettle-test-artifacts\opt_simd_clamp_shape.s'
[PASS] opt_load_symbol_copy_branch
[PASS] opt_simd_insertion_sort_i32
[PASS] opt_simd_insertion_sort_stack
[FAIL] opt_simd_dot_i32 :: IR output missing required pattern 'simd_dot_i32'
Built executable 'C:\Users\Marquis\AppData\Local\Temp\Mettle-test-artifacts\opt_simd_dot_i32.s'
[FAIL] opt_simd_matmul_n32 :: IR output missing required pattern 'simd_matmul_n32'
Built executable 'C:\Users\Marquis\AppData\Local\Temp\Mettle-test-artifacts\opt_simd_matmul_n32.s'
[PASS] codegen_ir_fastpaths
[PASS] release_size_mode
[PASS] string_concat
[PASS] defer_single
[PASS] defer_lifo
[PASS] defer_nested
[PASS] defer_early_return
[PASS] defer_block_exit
[PASS] defer_if_else_branch_exit
[PASS] defer_loop_iteration
[PASS] errdefer_runs_on_error
[PASS] errdefer_skipped_on_success
[PASS] errdefer_multiple_returns
[PASS] test_cast_expression
[PASS] errdefer_interleaved_with_defer
[PASS] errdefer_block_exit
[PASS] errdefer_nested_if_else
[PASS] errdefer_loop_with_break_continue
[PASS] errdefer_top_level
[PASS] defer_block_statement
[PASS] errdefer_assignment_statement
[PASS] errdefer_implicit_fallthrough
[PASS] defer_complex_interleaving
[PASS] warn_recv_buffer_extent
[PASS] no_warn_recv_within_extent
[PASS] warn_memcpy_src_extent
[PASS] warn_memcpy_dst_extent
[PASS] no_warn_memcpy_within_extent
[PASS] warn_memmove_src_extent
[PASS] warn_memmove_dst_extent_offset
[PASS] no_warn_memmove_within_extent_offset
[PASS] warn_cast_alignment_violation
[PASS] no_warn_cast_alignment_ok
[PASS] err_unknown_char
[PASS] err_unknown_fnptr_return_type
[PASS] err_invalid_hex
[PASS] err_invalid_bin
[PASS] err_missing_brace
[PASS] err_undefined_var
[PASS] err_undefined_var_typo
[PASS] err_top_level_return
[PASS] err_break_outside_loop
[PASS] err_break_unknown_label
[PASS] err_continue_in_switch
[PASS] err_switch_duplicate_case
[PASS] err_switch_nonconst_case
[PASS] err_forward_decl_mismatch
[PASS] err_forward_decl_pointer_mismatch
[PASS] err_extern_var_initializer
[PASS] err_extern_var_missing_type
[PASS] err_nonextern_link_name
[PASS] err_extern_link_name_conflict
[PASS] err_deref_non_pointer
[PASS] err_address_of_non_lvalue
[PASS] err_pointer_type_mismatch
[PASS] err_use_before_init
[PASS] err_array_index_oob_const
[PASS] err_array_index_oob_const_negative
[PASS] err_null_deref_const
[PASS] err_codegen_member_expr
[PASS] err_function_arg_count
[PASS] err_function_arg_type
[PASS] err_match_bad_syntax
[PASS] err_match_non_exhaustive
[PASS] err_trait_bound_missing_impl
[PASS] err_trait_bound_missing_second_impl
[PASS] err_trait_method_missing_impl
[PASS] err_member_on_non_struct
[PASS] err_switch_multiple_default
[PASS] err_return_type_mismatch
[PASS] err_static_assert_sizeof
[PASS] err_defer_top_level
[PASS] err_import_private
[PASS] err_import_bad_syntax_location
[PASS] err_import_bad_semantic_location
[PASS] err_import_chain
[PASS] bundled_stdlib_outside_project
[PASS] meth_deps_package_resolution
[PASS] function_pointer
[PASS] struct_new_runtime
[PASS] direct_object_return_const
[PASS] direct_object_call_return
[PASS] opt_closed_form_sum_release
[PASS] opt_closed_form_sum_debug
[FAIL] coff_reader :: COFF reader harness compile failed: gcc.exe : C:/msys64/mingw64/bin/../lib/gcc/x86_64-w64-mingw32/15.2.0/../../../../x86_64-w64-mingw32/bin/ld.exe: 
C:\Users\Marquis\AppData\Local\Temp\ccZaKAUF.o: in function `coff_reader_read_file':
At G:\Projects\Mettle\tests\run_tests.ps1:1395 char:21
+ ... leHarness = & gcc -Wall -Wextra -std=c99 -g -O0 -D_GNU_SOURCE tests\c ...
+                 ~~~~~~~~~~~~~~~~~~~~~~~~~~~~~~~~~~~~~~~~~~~~~~~~~~~~~~~~~
    + CategoryInfo          : NotSpecified: (C:/msys64/mingw...der_read_file'::String) [], RemoteException
    + FullyQualifiedErrorId : NativeCommandError
 
G:\Projects\Mettle/src/linker/coff_reader.c:75:(.text+0x235): undefined reference to `mettle_set_error'
C:/msys64/mingw64/bin/../lib/gcc/x86_64-w64-mingw32/15.2.0/../../../../x86_64-w64-mingw32/bin/ld.exe: 
G:\Projects\Mettle/src/linker/coff_reader.c:82:(.text+0x28c): undefined reference to `mettle_set_error'
C:/msys64/mingw64/bin/../lib/gcc/x86_64-w64-mingw32/15.2.0/../../../../x86_64-w64-mingw32/bin/ld.exe: 
G:\Projects\Mettle/src/linker/coff_reader.c:88:(.text+0x2cb): undefined reference to `mettle_set_error'
C:/msys64/mingw64/bin/../lib/gcc/x86_64-w64-mingw32/15.2.0/../../../../x86_64-w64-mingw32/bin/ld.exe: 
G:\Projects\Mettle/src/linker/coff_reader.c:96:(.text+0x310): undefined reference to `mettle_set_error'
C:/msys64/mingw64/bin/../lib/gcc/x86_64-w64-mingw32/15.2.0/../../../../x86_64-w64-mingw32/bin/ld.exe: 
G:\Projects\Mettle/src/linker/coff_reader.c:103:(.text+0x35b): undefined reference to `mettle_set_error'
C:/msys64/mingw64/bin/../lib/gcc/x86_64-w64-mingw32/15.2.0/../../../../x86_64-w64-mingw32/bin/ld.exe: 
C:\Users\Marquis\AppData\Local\Temp\ccZaKAUF.o:G:\Projects\Mettle/src/linker/coff_reader.c:111: more undefined 
references to `mettle_set_error' follow
collect2.exe: error: ld returned 1 exit status

[FAIL] symbol_resolve :: Symbol-resolve harness compile failed: gcc.exe : C:/msys64/mingw64/bin/../lib/gcc/x86_64-w64-mingw32/15.2.0/../../../../x86_64-w64-mingw32/bin/ld.exe: 
C:\Users\Marquis\AppData\Local\Temp\cct2ZD3q.o: in function `coff_reader_read_file':
At G:\Projects\Mettle\tests\run_tests.ps1:1456 char:21
+ ... leHarness = & gcc -Wall -Wextra -std=c99 -g -O0 -D_GNU_SOURCE tests\s ...
+                 ~~~~~~~~~~~~~~~~~~~~~~~~~~~~~~~~~~~~~~~~~~~~~~~~~~~~~~~~~
    + CategoryInfo          : NotSpecified: (C:/msys64/mingw...der_read_file'::String) [], RemoteException
    + FullyQualifiedErrorId : NativeCommandError
 
G:\Projects\Mettle/src/linker/coff_reader.c:75:(.text+0x235): undefined reference to `mettle_set_error'
C:/msys64/mingw64/bin/../lib/gcc/x86_64-w64-mingw32/15.2.0/../../../../x86_64-w64-mingw32/bin/ld.exe: 
G:\Projects\Mettle/src/linker/coff_reader.c:82:(.text+0x28c): undefined reference to `mettle_set_error'
C:/msys64/mingw64/bin/../lib/gcc/x86_64-w64-mingw32/15.2.0/../../../../x86_64-w64-mingw32/bin/ld.exe: 
G:\Projects\Mettle/src/linker/coff_reader.c:88:(.text+0x2cb): undefined reference to `mettle_set_error'
C:/msys64/mingw64/bin/../lib/gcc/x86_64-w64-mingw32/15.2.0/../../../../x86_64-w64-mingw32/bin/ld.exe: 
G:\Projects\Mettle/src/linker/coff_reader.c:96:(.text+0x310): undefined reference to `mettle_set_error'
C:/msys64/mingw64/bin/../lib/gcc/x86_64-w64-mingw32/15.2.0/../../../../x86_64-w64-mingw32/bin/ld.exe: 
G:\Projects\Mettle/src/linker/coff_reader.c:103:(.text+0x35b): undefined reference to `mettle_set_error'
C:/msys64/mingw64/bin/../lib/gcc/x86_64-w64-mingw32/15.2.0/../../../../x86_64-w64-mingw32/bin/ld.exe: 
C:\Users\Marquis\AppData\Local\Temp\cct2ZD3q.o:G:\Projects\Mettle/src/linker/coff_reader.c:111: more undefined 
references to `mettle_set_error' follow
C:/msys64/mingw64/bin/../lib/gcc/x86_64-w64-mingw32/15.2.0/../../../../x86_64-w64-mingw32/bin/ld.exe: 
C:\Users\Marquis\AppData\Local\Temp\ccec50qp.o: in function `link_resolution_load_objects':
G:\Projects\Mettle/src/linker/symbol_resolve.c:308:(.text+0x8d6): undefined reference to `mettle_strdup'
C:/msys64/mingw64/bin/../lib/gcc/x86_64-w64-mingw32/15.2.0/../../../../x86_64-w64-mingw32/bin/ld.exe: 
G:\Projects\Mettle/src/linker/symbol_resolve.c:310:(.text+0x8fc): undefined reference to `mettle_set_error'
C:/msys64/mingw64/bin/../lib/gcc/x86_64-w64-mingw32/15.2.0/../../../../x86_64-w64-mingw32/bin/ld.exe: 
C:\Users\Marquis\AppData\Local\Temp\ccec50qp.o: in function `link_resolution_merge_sections':
G:\Projects\Mettle/src/linker/symbol_resolve.c:346:(.text+0xaad): undefined reference to `mettle_set_error'
C:/msys64/mingw64/bin/../lib/gcc/x86_64-w64-mingw32/15.2.0/../../../../x86_64-w64-mingw32/bin/ld.exe: 
C:\Users\Marquis\AppData\Local\Temp\ccec50qp.o: in function `link_resolution_reserve_symbols':
G:\Projects\Mettle/src/linker/symbol_resolve.c:453:(.text+0xffd): undefined reference to `mettle_set_error'
C:/msys64/mingw64/bin/../lib/gcc/x86_64-w64-mingw32/15.2.0/../../../../x86_64-w64-mingw32/bin/ld.exe: 
C:\Users\Marquis\AppData\Local\Temp\ccec50qp.o: in function `link_resolution_record_global_symbol':
G:\Projects\Mettle/src/linker/symbol_resolve.c:484:(.text+0x115c): undefined reference to `mettle_strdup'
C:/msys64/mingw64/bin/../lib/gcc/x86_64-w64-mingw32/15.2.0/../../../../x86_64-w64-mingw32/bin/ld.exe: 
G:\Projects\Mettle/src/linker/symbol_resolve.c:486:(.text+0x118c): undefined reference to `mettle_set_error'
C:/msys64/mingw64/bin/../lib/gcc/x86_64-w64-mingw32/15.2.0/../../../../x86_64-w64-mingw32/bin/ld.exe: 
G:\Projects\Mettle/src/linker/symbol_resolve.c:501:(.text+0x121e): undefined reference to `mettle_set_error'
C:/msys64/mingw64/bin/../lib/gcc/x86_64-w64-mingw32/15.2.0/../../../../x86_64-w64-mingw32/bin/ld.exe: 
C:\Users\Marquis\AppData\Local\Temp\ccec50qp.o: in function `link_resolution_build_symbols':
G:\Projects\Mettle/src/linker/symbol_resolve.c:533:(.text+0x1343): undefined reference to `mettle_set_error'
C:/msys64/mingw64/bin/../lib/gcc/x86_64-w64-mingw32/15.2.0/../../../../x86_64-w64-mingw32/bin/ld.exe: 
G:\Projects\Mettle/src/linker/symbol_resolve.c:549:(.text+0x13f8): undefined reference to `mettle_strdup'
C:/msys64/mingw64/bin/../lib/gcc/x86_64-w64-mingw32/15.2.0/../../../../x86_64-w64-mingw32/bin/ld.exe: 
G:\Projects\Mettle/src/linker/symbol_resolve.c:551:(.text+0x142b): undefined reference to `mettle_set_error'
C:/msys64/mingw64/bin/../lib/gcc/x86_64-w64-mingw32/15.2.0/../../../../x86_64-w64-mingw32/bin/ld.exe: 
G:\Projects\Mettle/src/linker/symbol_resolve.c:567:(.text+0x1519): undefined reference to `mettle_set_error'
C:/msys64/mingw64/bin/../lib/gcc/x86_64-w64-mingw32/15.2.0/../../../../x86_64-w64-mingw32/bin/ld.exe: 
C:\Users\Marquis\AppData\Local\Temp\ccec50qp.o: in function `link_resolution_validate_externals':
G:\Projects\Mettle/src/linker/symbol_resolve.c:667:(.text+0x18a1): undefined reference to `mettle_set_error'
C:/msys64/mingw64/bin/../lib/gcc/x86_64-w64-mingw32/15.2.0/../../../../x86_64-w64-mingw32/bin/ld.exe: 
G:\Projects\Mettle/src/linker/symbol_resolve.c:681:(.text+0x1952): undefined reference to `mettle_set_error'
C:/msys64/mingw64/bin/../lib/gcc/x86_64-w64-mingw32/15.2.0/../../../../x86_64-w64-mingw32/bin/ld.exe: 
C:\Users\Marquis\AppData\Local\Temp\ccec50qp.o: in function `link_resolution_build':
G:\Projects\Mettle/src/linker/symbol_resolve.c:708:(.text+0x19ee): undefined reference to `mettle_set_error'
C:/msys64/mingw64/bin/../lib/gcc/x86_64-w64-mingw32/15.2.0/../../../../x86_64-w64-mingw32/bin/ld.exe: 
C:\Users\Marquis\AppData\Local\Temp\ccec50qp.o:G:\Projects\Mettle/src/linker/symbol_resolve.c:715: more undefined 
references to `mettle_set_error' follow
C:/msys64/mingw64/bin/../lib/gcc/x86_64-w64-mingw32/15.2.0/../../../../x86_64-w64-mingw32/bin/ld.exe: 
C:\Users\Marquis\AppData\Local\Temp\ccp1E2ev.o: in function `binary_emitter_set_error':
G:\Projects\Mettle/src/codegen/binary_emitter.c:32:(.text+0x36): undefined reference to `mettle_strdup'
C:/msys64/mingw64/bin/../lib/gcc/x86_64-w64-mingw32/15.2.0/../../../../x86_64-w64-mingw32/bin/ld.exe: 
C:\Users\Marquis\AppData\Local\Temp\ccp1E2ev.o: in function `binary_emitter_get_or_create_section':
G:\Projects\Mettle/src/codegen/binary_emitter.c:460:(.text+0x1139): undefined reference to `mettle_strdup'
C:/msys64/mingw64/bin/../lib/gcc/x86_64-w64-mingw32/15.2.0/../../../../x86_64-w64-mingw32/bin/ld.exe: 
C:\Users\Marquis\AppData\Local\Temp\ccp1E2ev.o: in function `binary_emitter_define_symbol':
G:\Projects\Mettle/src/codegen/binary_emitter.c:607:(.text+0x16da): undefined reference to `mettle_strdup'
C:/msys64/mingw64/bin/../lib/gcc/x86_64-w64-mingw32/15.2.0/../../../../x86_64-w64-mingw32/bin/ld.exe: 
C:\Users\Marquis\AppData\Local\Temp\ccp1E2ev.o: in function `binary_emitter_add_relocation':
G:\Projects\Mettle/src/codegen/binary_emitter.c:662:(.text+0x1910): undefined reference to `mettle_strdup'
collect2.exe: error: ld returned 1 exit status

[FAIL] relocation :: Relocation harness compile failed: gcc.exe : C:/msys64/mingw64/bin/../lib/gcc/x86_64-w64-mingw32/15.2.0/../../../../x86_64-w64-mingw32/bin/ld.exe: 
C:\Users\Marquis\AppData\Local\Temp\ccYKiMNz.o: in function `coff_reader_read_file':
At G:\Projects\Mettle\tests\run_tests.ps1:1500 char:21
+ ... leHarness = & gcc -Wall -Wextra -std=c99 -g -O0 -D_GNU_SOURCE tests\r ...
+                 ~~~~~~~~~~~~~~~~~~~~~~~~~~~~~~~~~~~~~~~~~~~~~~~~~~~~~~~~~
    + CategoryInfo          : NotSpecified: (C:/msys64/mingw...der_read_file'::String) [], RemoteException
    + FullyQualifiedErrorId : NativeCommandError
 
G:\Projects\Mettle/src/linker/coff_reader.c:75:(.text+0x235): undefined reference to `mettle_set_error'
C:/msys64/mingw64/bin/../lib/gcc/x86_64-w64-mingw32/15.2.0/../../../../x86_64-w64-mingw32/bin/ld.exe: 
G:\Projects\Mettle/src/linker/coff_reader.c:82:(.text+0x28c): undefined reference to `mettle_set_error'
C:/msys64/mingw64/bin/../lib/gcc/x86_64-w64-mingw32/15.2.0/../../../../x86_64-w64-mingw32/bin/ld.exe: 
G:\Projects\Mettle/src/linker/coff_reader.c:88:(.text+0x2cb): undefined reference to `mettle_set_error'
C:/msys64/mingw64/bin/../lib/gcc/x86_64-w64-mingw32/15.2.0/../../../../x86_64-w64-mingw32/bin/ld.exe: 
G:\Projects\Mettle/src/linker/coff_reader.c:96:(.text+0x310): undefined reference to `mettle_set_error'
C:/msys64/mingw64/bin/../lib/gcc/x86_64-w64-mingw32/15.2.0/../../../../x86_64-w64-mingw32/bin/ld.exe: 
G:\Projects\Mettle/src/linker/coff_reader.c:103:(.text+0x35b): undefined reference to `mettle_set_error'
C:/msys64/mingw64/bin/../lib/gcc/x86_64-w64-mingw32/15.2.0/../../../../x86_64-w64-mingw32/bin/ld.exe: 
C:\Users\Marquis\AppData\Local\Temp\ccYKiMNz.o:G:\Projects\Mettle/src/linker/coff_reader.c:111: more undefined 
references to `mettle_set_error' follow
C:/msys64/mingw64/bin/../lib/gcc/x86_64-w64-mingw32/15.2.0/../../../../x86_64-w64-mingw32/bin/ld.exe: 
C:\Users\Marquis\AppData\Local\Temp\cciMZIET.o: in function `link_resolution_load_objects':
G:\Projects\Mettle/src/linker/symbol_resolve.c:308:(.text+0x8d6): undefined reference to `mettle_strdup'
C:/msys64/mingw64/bin/../lib/gcc/x86_64-w64-mingw32/15.2.0/../../../../x86_64-w64-mingw32/bin/ld.exe: 
G:\Projects\Mettle/src/linker/symbol_resolve.c:310:(.text+0x8fc): undefined reference to `mettle_set_error'
C:/msys64/mingw64/bin/../lib/gcc/x86_64-w64-mingw32/15.2.0/../../../../x86_64-w64-mingw32/bin/ld.exe: 
C:\Users\Marquis\AppData\Local\Temp\cciMZIET.o: in function `link_resolution_merge_sections':
G:\Projects\Mettle/src/linker/symbol_resolve.c:346:(.text+0xaad): undefined reference to `mettle_set_error'
C:/msys64/mingw64/bin/../lib/gcc/x86_64-w64-mingw32/15.2.0/../../../../x86_64-w64-mingw32/bin/ld.exe: 
C:\Users\Marquis\AppData\Local\Temp\cciMZIET.o: in function `link_resolution_reserve_symbols':
G:\Projects\Mettle/src/linker/symbol_resolve.c:453:(.text+0xffd): undefined reference to `mettle_set_error'
C:/msys64/mingw64/bin/../lib/gcc/x86_64-w64-mingw32/15.2.0/../../../../x86_64-w64-mingw32/bin/ld.exe: 
C:\Users\Marquis\AppData\Local\Temp\cciMZIET.o: in function `link_resolution_record_global_symbol':
G:\Projects\Mettle/src/linker/symbol_resolve.c:484:(.text+0x115c): undefined reference to `mettle_strdup'
C:/msys64/mingw64/bin/../lib/gcc/x86_64-w64-mingw32/15.2.0/../../../../x86_64-w64-mingw32/bin/ld.exe: 
G:\Projects\Mettle/src/linker/symbol_resolve.c:486:(.text+0x118c): undefined reference to `mettle_set_error'
C:/msys64/mingw64/bin/../lib/gcc/x86_64-w64-mingw32/15.2.0/../../../../x86_64-w64-mingw32/bin/ld.exe: 
G:\Projects\Mettle/src/linker/symbol_resolve.c:501:(.text+0x121e): undefined reference to `mettle_set_error'
C:/msys64/mingw64/bin/../lib/gcc/x86_64-w64-mingw32/15.2.0/../../../../x86_64-w64-mingw32/bin/ld.exe: 
C:\Users\Marquis\AppData\Local\Temp\cciMZIET.o: in function `link_resolution_build_symbols':
G:\Projects\Mettle/src/linker/symbol_resolve.c:533:(.text+0x1343): undefined reference to `mettle_set_error'
C:/msys64/mingw64/bin/../lib/gcc/x86_64-w64-mingw32/15.2.0/../../../../x86_64-w64-mingw32/bin/ld.exe: 
G:\Projects\Mettle/src/linker/symbol_resolve.c:549:(.text+0x13f8): undefined reference to `mettle_strdup'
C:/msys64/mingw64/bin/../lib/gcc/x86_64-w64-mingw32/15.2.0/../../../../x86_64-w64-mingw32/bin/ld.exe: 
G:\Projects\Mettle/src/linker/symbol_resolve.c:551:(.text+0x142b): undefined reference to `mettle_set_error'
C:/msys64/mingw64/bin/../lib/gcc/x86_64-w64-mingw32/15.2.0/../../../../x86_64-w64-mingw32/bin/ld.exe: 
G:\Projects\Mettle/src/linker/symbol_resolve.c:567:(.text+0x1519): undefined reference to `mettle_set_error'
C:/msys64/mingw64/bin/../lib/gcc/x86_64-w64-mingw32/15.2.0/../../../../x86_64-w64-mingw32/bin/ld.exe: 
C:\Users\Marquis\AppData\Local\Temp\cciMZIET.o: in function `link_resolution_validate_externals':
G:\Projects\Mettle/src/linker/symbol_resolve.c:667:(.text+0x18a1): undefined reference to `mettle_set_error'
C:/msys64/mingw64/bin/../lib/gcc/x86_64-w64-mingw32/15.2.0/../../../../x86_64-w64-mingw32/bin/ld.exe: 
G:\Projects\Mettle/src/linker/symbol_resolve.c:681:(.text+0x1952): undefined reference to `mettle_set_error'
C:/msys64/mingw64/bin/../lib/gcc/x86_64-w64-mingw32/15.2.0/../../../../x86_64-w64-mingw32/bin/ld.exe: 
C:\Users\Marquis\AppData\Local\Temp\cciMZIET.o: in function `link_resolution_build':
G:\Projects\Mettle/src/linker/symbol_resolve.c:708:(.text+0x19ee): undefined reference to `mettle_set_error'
C:/msys64/mingw64/bin/../lib/gcc/x86_64-w64-mingw32/15.2.0/../../../../x86_64-w64-mingw32/bin/ld.exe: 
C:\Users\Marquis\AppData\Local\Temp\cciMZIET.o:G:\Projects\Mettle/src/linker/symbol_resolve.c:715: more undefined 
references to `mettle_set_error' follow
C:/msys64/mingw64/bin/../lib/gcc/x86_64-w64-mingw32/15.2.0/../../../../x86_64-w64-mingw32/bin/ld.exe: 
C:\Users\Marquis\AppData\Local\Temp\ccwzmI3L.o: in function `binary_emitter_set_error':
G:\Projects\Mettle/src/codegen/binary_emitter.c:32:(.text+0x36): undefined reference to `mettle_strdup'
C:/msys64/mingw64/bin/../lib/gcc/x86_64-w64-mingw32/15.2.0/../../../../x86_64-w64-mingw32/bin/ld.exe: 
C:\Users\Marquis\AppData\Local\Temp\ccwzmI3L.o: in function `binary_emitter_get_or_create_section':
G:\Projects\Mettle/src/codegen/binary_emitter.c:460:(.text+0x1139): undefined reference to `mettle_strdup'
C:/msys64/mingw64/bin/../lib/gcc/x86_64-w64-mingw32/15.2.0/../../../../x86_64-w64-mingw32/bin/ld.exe: 
C:\Users\Marquis\AppData\Local\Temp\ccwzmI3L.o: in function `binary_emitter_define_symbol':
G:\Projects\Mettle/src/codegen/binary_emitter.c:607:(.text+0x16da): undefined reference to `mettle_strdup'
C:/msys64/mingw64/bin/../lib/gcc/x86_64-w64-mingw32/15.2.0/../../../../x86_64-w64-mingw32/bin/ld.exe: 
C:\Users\Marquis\AppData\Local\Temp\ccwzmI3L.o: in function `binary_emitter_add_relocation':
G:\Projects\Mettle/src/codegen/binary_emitter.c:662:(.text+0x1910): undefined reference to `mettle_strdup'
collect2.exe: error: ld returned 1 exit status

[FAIL] pe_emitter :: PE-emitter harness compile failed: gcc.exe : C:/msys64/mingw64/bin/../lib/gcc/x86_64-w64-mingw32/15.2.0/../../../../x86_64-w64-mingw32/bin/ld.exe: 
C:\Users\Marquis\AppData\Local\Temp\ccEXuj8d.o: in function `coff_reader_read_file':
At G:\Projects\Mettle\tests\run_tests.ps1:1522 char:21
+ ... leHarness = & gcc -Wall -Wextra -std=c99 -g -O0 -D_GNU_SOURCE tests\p ...
+                 ~~~~~~~~~~~~~~~~~~~~~~~~~~~~~~~~~~~~~~~~~~~~~~~~~~~~~~~~~
    + CategoryInfo          : NotSpecified: (C:/msys64/mingw...der_read_file'::String) [], RemoteException
    + FullyQualifiedErrorId : NativeCommandError
 
G:\Projects\Mettle/src/linker/coff_reader.c:75:(.text+0x235): undefined reference to `mettle_set_error'
C:/msys64/mingw64/bin/../lib/gcc/x86_64-w64-mingw32/15.2.0/../../../../x86_64-w64-mingw32/bin/ld.exe: 
G:\Projects\Mettle/src/linker/coff_reader.c:82:(.text+0x28c): undefined reference to `mettle_set_error'
C:/msys64/mingw64/bin/../lib/gcc/x86_64-w64-mingw32/15.2.0/../../../../x86_64-w64-mingw32/bin/ld.exe: 
G:\Projects\Mettle/src/linker/coff_reader.c:88:(.text+0x2cb): undefined reference to `mettle_set_error'
C:/msys64/mingw64/bin/../lib/gcc/x86_64-w64-mingw32/15.2.0/../../../../x86_64-w64-mingw32/bin/ld.exe: 
G:\Projects\Mettle/src/linker/coff_reader.c:96:(.text+0x310): undefined reference to `mettle_set_error'
C:/msys64/mingw64/bin/../lib/gcc/x86_64-w64-mingw32/15.2.0/../../../../x86_64-w64-mingw32/bin/ld.exe: 
G:\Projects\Mettle/src/linker/coff_reader.c:103:(.text+0x35b): undefined reference to `mettle_set_error'
C:/msys64/mingw64/bin/../lib/gcc/x86_64-w64-mingw32/15.2.0/../../../../x86_64-w64-mingw32/bin/ld.exe: 
C:\Users\Marquis\AppData\Local\Temp\ccEXuj8d.o:G:\Projects\Mettle/src/linker/coff_reader.c:111: more undefined 
references to `mettle_set_error' follow
C:/msys64/mingw64/bin/../lib/gcc/x86_64-w64-mingw32/15.2.0/../../../../x86_64-w64-mingw32/bin/ld.exe: 
C:\Users\Marquis\AppData\Local\Temp\ccXTJnex.o: in function `link_resolution_load_objects':
G:\Projects\Mettle/src/linker/symbol_resolve.c:308:(.text+0x8d6): undefined reference to `mettle_strdup'
C:/msys64/mingw64/bin/../lib/gcc/x86_64-w64-mingw32/15.2.0/../../../../x86_64-w64-mingw32/bin/ld.exe: 
G:\Projects\Mettle/src/linker/symbol_resolve.c:310:(.text+0x8fc): undefined reference to `mettle_set_error'
C:/msys64/mingw64/bin/../lib/gcc/x86_64-w64-mingw32/15.2.0/../../../../x86_64-w64-mingw32/bin/ld.exe: 
C:\Users\Marquis\AppData\Local\Temp\ccXTJnex.o: in function `link_resolution_merge_sections':
G:\Projects\Mettle/src/linker/symbol_resolve.c:346:(.text+0xaad): undefined reference to `mettle_set_error'
C:/msys64/mingw64/bin/../lib/gcc/x86_64-w64-mingw32/15.2.0/../../../../x86_64-w64-mingw32/bin/ld.exe: 
C:\Users\Marquis\AppData\Local\Temp\ccXTJnex.o: in function `link_resolution_reserve_symbols':
G:\Projects\Mettle/src/linker/symbol_resolve.c:453:(.text+0xffd): undefined reference to `mettle_set_error'
C:/msys64/mingw64/bin/../lib/gcc/x86_64-w64-mingw32/15.2.0/../../../../x86_64-w64-mingw32/bin/ld.exe: 
C:\Users\Marquis\AppData\Local\Temp\ccXTJnex.o: in function `link_resolution_record_global_symbol':
G:\Projects\Mettle/src/linker/symbol_resolve.c:484:(.text+0x115c): undefined reference to `mettle_strdup'
C:/msys64/mingw64/bin/../lib/gcc/x86_64-w64-mingw32/15.2.0/../../../../x86_64-w64-mingw32/bin/ld.exe: 
G:\Projects\Mettle/src/linker/symbol_resolve.c:486:(.text+0x118c): undefined reference to `mettle_set_error'
C:/msys64/mingw64/bin/../lib/gcc/x86_64-w64-mingw32/15.2.0/../../../../x86_64-w64-mingw32/bin/ld.exe: 
G:\Projects\Mettle/src/linker/symbol_resolve.c:501:(.text+0x121e): undefined reference to `mettle_set_error'
C:/msys64/mingw64/bin/../lib/gcc/x86_64-w64-mingw32/15.2.0/../../../../x86_64-w64-mingw32/bin/ld.exe: 
C:\Users\Marquis\AppData\Local\Temp\ccXTJnex.o: in function `link_resolution_build_symbols':
G:\Projects\Mettle/src/linker/symbol_resolve.c:533:(.text+0x1343): undefined reference to `mettle_set_error'
C:/msys64/mingw64/bin/../lib/gcc/x86_64-w64-mingw32/15.2.0/../../../../x86_64-w64-mingw32/bin/ld.exe: 
G:\Projects\Mettle/src/linker/symbol_resolve.c:549:(.text+0x13f8): undefined reference to `mettle_strdup'
C:/msys64/mingw64/bin/../lib/gcc/x86_64-w64-mingw32/15.2.0/../../../../x86_64-w64-mingw32/bin/ld.exe: 
G:\Projects\Mettle/src/linker/symbol_resolve.c:551:(.text+0x142b): undefined reference to `mettle_set_error'
C:/msys64/mingw64/bin/../lib/gcc/x86_64-w64-mingw32/15.2.0/../../../../x86_64-w64-mingw32/bin/ld.exe: 
G:\Projects\Mettle/src/linker/symbol_resolve.c:567:(.text+0x1519): undefined reference to `mettle_set_error'
C:/msys64/mingw64/bin/../lib/gcc/x86_64-w64-mingw32/15.2.0/../../../../x86_64-w64-mingw32/bin/ld.exe: 
C:\Users\Marquis\AppData\Local\Temp\ccXTJnex.o: in function `link_resolution_validate_externals':
G:\Projects\Mettle/src/linker/symbol_resolve.c:667:(.text+0x18a1): undefined reference to `mettle_set_error'
C:/msys64/mingw64/bin/../lib/gcc/x86_64-w64-mingw32/15.2.0/../../../../x86_64-w64-mingw32/bin/ld.exe: 
G:\Projects\Mettle/src/linker/symbol_resolve.c:681:(.text+0x1952): undefined reference to `mettle_set_error'
C:/msys64/mingw64/bin/../lib/gcc/x86_64-w64-mingw32/15.2.0/../../../../x86_64-w64-mingw32/bin/ld.exe: 
C:\Users\Marquis\AppData\Local\Temp\ccXTJnex.o: in function `link_resolution_build':
G:\Projects\Mettle/src/linker/symbol_resolve.c:708:(.text+0x19ee): undefined reference to `mettle_set_error'
C:/msys64/mingw64/bin/../lib/gcc/x86_64-w64-mingw32/15.2.0/../../../../x86_64-w64-mingw32/bin/ld.exe: 
C:\Users\Marquis\AppData\Local\Temp\ccXTJnex.o:G:\Projects\Mettle/src/linker/symbol_resolve.c:715: more undefined 
references to `mettle_set_error' follow
C:/msys64/mingw64/bin/../lib/gcc/x86_64-w64-mingw32/15.2.0/../../../../x86_64-w64-mingw32/bin/ld.exe: 
C:\Users\Marquis\AppData\Local\Temp\ccRzkr3S.o: in function `pe_import_library_append_symbol':
G:\Projects\Mettle/src/linker/pe_emitter.c:799:(.text+0x1b38): undefined reference to `mettle_strdup'
C:/msys64/mingw64/bin/../lib/gcc/x86_64-w64-mingw32/15.2.0/../../../../x86_64-w64-mingw32/bin/ld.exe: 
G:\Projects\Mettle/src/linker/pe_emitter.c:800:(.text+0x1b4b): undefined reference to `mettle_strdup'
C:/msys64/mingw64/bin/../lib/gcc/x86_64-w64-mingw32/15.2.0/../../../../x86_64-w64-mingw32/bin/ld.exe: 
G:\Projects\Mettle/src/linker/pe_emitter.c:806:(.text+0x1bd0): undefined reference to `mettle_set_error'
C:/msys64/mingw64/bin/../lib/gcc/x86_64-w64-mingw32/15.2.0/../../../../x86_64-w64-mingw32/bin/ld.exe: 
C:\Users\Marquis\AppData\Local\Temp\ccRzkr3S.o: in function `pe_normalize_dll_name':
G:\Projects\Mettle/src/linker/pe_emitter.c:830:(.text+0x1c87): undefined reference to `mettle_strdup'
C:/msys64/mingw64/bin/../lib/gcc/x86_64-w64-mingw32/15.2.0/../../../../x86_64-w64-mingw32/bin/ld.exe: 
C:\Users\Marquis\AppData\Local\Temp\ccRzkr3S.o: in function `pe_append_imports_from_dlls':
G:\Projects\Mettle/src/linker/pe_emitter.c:867:(.text+0x1df8): undefined reference to `mettle_set_error'
C:/msys64/mingw64/bin/../lib/gcc/x86_64-w64-mingw32/15.2.0/../../../../x86_64-w64-mingw32/bin/ld.exe: 
G:\Projects\Mettle/src/linker/pe_emitter.c:883:(.text+0x1e77): undefined reference to `mettle_set_error'
C:/msys64/mingw64/bin/../lib/gcc/x86_64-w64-mingw32/15.2.0/../../../../x86_64-w64-mingw32/bin/ld.exe: 
G:\Projects\Mettle/src/linker/pe_emitter.c:888:(.text+0x1e8d): undefined reference to `mettle_strdup'
C:/msys64/mingw64/bin/../lib/gcc/x86_64-w64-mingw32/15.2.0/../../../../x86_64-w64-mingw32/bin/ld.exe: 
G:\Projects\Mettle/src/linker/pe_emitter.c:893:(.text+0x1edb): undefined reference to `mettle_set_error'
C:/msys64/mingw64/bin/../lib/gcc/x86_64-w64-mingw32/15.2.0/../../../../x86_64-w64-mingw32/bin/ld.exe: 
C:\Users\Marquis\AppData\Local\Temp\ccRzkr3S.o: in function `pe_bind_import_symbol':
G:\Projects\Mettle/src/linker/pe_emitter.c:1003:(.text+0x2219): undefined reference to `mettle_set_error'
C:/msys64/mingw64/bin/../lib/gcc/x86_64-w64-mingw32/15.2.0/../../../../x86_64-w64-mingw32/bin/ld.exe: 
G:\Projects\Mettle/src/linker/pe_emitter.c:1019:(.text+0x22e2): undefined reference to `mettle_strdup'
C:/msys64/mingw64/bin/../lib/gcc/x86_64-w64-mingw32/15.2.0/../../../../x86_64-w64-mingw32/bin/ld.exe: 
G:\Projects\Mettle/src/linker/pe_emitter.c:1021:(.text+0x231b): undefined reference to `mettle_set_error'
C:/msys64/mingw64/bin/../lib/gcc/x86_64-w64-mingw32/15.2.0/../../../../x86_64-w64-mingw32/bin/ld.exe: 
G:\Projects\Mettle/src/linker/pe_emitter.c:1038:(.text+0x23d8): undefined reference to `mettle_strdup'
C:/msys64/mingw64/bin/../lib/gcc/x86_64-w64-mingw32/15.2.0/../../../../x86_64-w64-mingw32/bin/ld.exe: 
G:\Projects\Mettle/src/linker/pe_emitter.c:1039:(.text+0x23ef): undefined reference to `mettle_strdup'
C:/msys64/mingw64/bin/../lib/gcc/x86_64-w64-mingw32/15.2.0/../../../../x86_64-w64-mingw32/bin/ld.exe: 
G:\Projects\Mettle/src/linker/pe_emitter.c:1041:(.text+0x242a): undefined reference to `mettle_set_error'
C:/msys64/mingw64/bin/../lib/gcc/x86_64-w64-mingw32/15.2.0/../../../../x86_64-w64-mingw32/bin/ld.exe: 
C:\Users\Marquis\AppData\Local\Temp\ccRzkr3S.o: in function `pe_emit_import_storage':
G:\Projects\Mettle/src/linker/pe_emitter.c:1208:(.text+0x2c5f): undefined reference to `mettle_set_error'
C:/msys64/mingw64/bin/../lib/gcc/x86_64-w64-mingw32/15.2.0/../../../../x86_64-w64-mingw32/bin/ld.exe: 
C:\Users\Marquis\AppData\Local\Temp\ccRzkr3S.o: in function `pe_finalize_imports':
G:\Projects\Mettle/src/linker/pe_emitter.c:1275:(.text+0x2ed9): undefined reference to `mettle_set_error'
C:/msys64/mingw64/bin/../lib/gcc/x86_64-w64-mingw32/15.2.0/../../../../x86_64-w64-mingw32/bin/ld.exe: 
G:\Projects\Mettle/src/linker/pe_emitter.c:1283:(.text+0x2f38): undefined reference to `mettle_set_error'
C:/msys64/mingw64/bin/../lib/gcc/x86_64-w64-mingw32/15.2.0/../../../../x86_64-w64-mingw32/bin/ld.exe: 
G:\Projects\Mettle/src/linker/pe_emitter.c:1322:(.text+0x3139): undefined reference to `mettle_set_error'
C:/msys64/mingw64/bin/../lib/gcc/x86_64-w64-mingw32/15.2.0/../../../../x86_64-w64-mingw32/bin/ld.exe: 
C:\Users\Marquis\AppData\Local\Temp\ccRzkr3S.o:G:\Projects\Mettle/src/linker/pe_emitter.c:1380: more undefined 
references to `mettle_set_error' follow
C:/msys64/mingw64/bin/../lib/gcc/x86_64-w64-mingw32/15.2.0/../../../../x86_64-w64-mingw32/bin/ld.exe: 
C:\Users\Marquis\AppData\Local\Temp\cc8MKaWY.o: in function `import_library_read':
G:\Projects\Mettle/src/linker/import_lib.c:335:(.text+0xbce): undefined reference to `mettle_strdup'
C:/msys64/mingw64/bin/../lib/gcc/x86_64-w64-mingw32/15.2.0/../../../../x86_64-w64-mingw32/bin/ld.exe: 
G:\Projects\Mettle/src/linker/import_lib.c:337:(.text+0xbf4): undefined reference to `mettle_set_error'
C:/msys64/mingw64/bin/../lib/gcc/x86_64-w64-mingw32/15.2.0/../../../../x86_64-w64-mingw32/bin/ld.exe: 
G:\Projects\Mettle/src/linker/import_lib.c:353:(.text+0xc73): undefined reference to `mettle_set_error'
C:/msys64/mingw64/bin/../lib/gcc/x86_64-w64-mingw32/15.2.0/../../../../x86_64-w64-mingw32/bin/ld.exe: 
G:\Projects\Mettle/src/linker/import_lib.c:364:(.text+0xcd1): undefined reference to `mettle_set_error'
C:/msys64/mingw64/bin/../lib/gcc/x86_64-w64-mingw32/15.2.0/../../../../x86_64-w64-mingw32/bin/ld.exe: 
G:\Projects\Mettle/src/linker/import_lib.c:395:(.text+0xe09): undefined reference to `mettle_set_error'
C:/msys64/mingw64/bin/../lib/gcc/x86_64-w64-mingw32/15.2.0/../../../../x86_64-w64-mingw32/bin/ld.exe: 
C:\Users\Marquis\AppData\Local\Temp\ccktdyMZ.o: in function `binary_emitter_set_error':
G:\Projects\Mettle/src/codegen/binary_emitter.c:32:(.text+0x36): undefined reference to `mettle_strdup'
C:/msys64/mingw64/bin/../lib/gcc/x86_64-w64-mingw32/15.2.0/../../../../x86_64-w64-mingw32/bin/ld.exe: 
C:\Users\Marquis\AppData\Local\Temp\ccktdyMZ.o: in function `binary_emitter_get_or_create_section':
G:\Projects\Mettle/src/codegen/binary_emitter.c:460:(.text+0x1139): undefined reference to `mettle_strdup'
C:/msys64/mingw64/bin/../lib/gcc/x86_64-w64-mingw32/15.2.0/../../../../x86_64-w64-mingw32/bin/ld.exe: 
C:\Users\Marquis\AppData\Local\Temp\ccktdyMZ.o: in function `binary_emitter_define_symbol':
G:\Projects\Mettle/src/codegen/binary_emitter.c:607:(.text+0x16da): undefined reference to `mettle_strdup'
C:/msys64/mingw64/bin/../lib/gcc/x86_64-w64-mingw32/15.2.0/../../../../x86_64-w64-mingw32/bin/ld.exe: 
C:\Users\Marquis\AppData\Local\Temp\ccktdyMZ.o: in function `binary_emitter_add_relocation':
G:\Projects\Mettle/src/codegen/binary_emitter.c:662:(.text+0x1910): undefined reference to `mettle_strdup'
collect2.exe: error: ld returned 1 exit status

[PASS] internal_link_basic
[PASS] internal_link_float_negative_comparison
[PASS] internal_link_abi_float_return
[PASS] internal_link_struct_copy_asm
[PASS] internal_link_struct_copy_emitobj
[PASS] internal_link_struct_pass_by_value_asm
[PASS] internal_link_struct_pass_by_value_emitobj
[PASS] internal_link_struct_return_by_value_asm
[PASS] internal_link_struct_return_by_value_emitobj
[PASS] internal_link_struct_abi_matrix_asm
[PASS] internal_link_struct_abi_matrix_emitobj
[PASS] internal_link_struct_abi_extern_c_asm
[PASS] internal_link_struct_abi_extern_c_emitobj
[PASS] internal_link_struct_float_asm
[PASS] internal_link_struct_float_emitobj
[PASS] direct_object_emit_obj_gcc_link
[PASS] internal_link_ws2_32
[PASS] internal_link_win32_user32
[PASS] internal_link_ui
[PASS] internal_link_std_io
[PASS] internal_link_thread_atomics
[PASS] auto_link_internal_only_path
[PASS] auto_link_fallback_static_lib
[PASS] direct_object_params
[PASS] direct_object_control_flow
[PASS] direct_object_abi_return_int
[PASS] direct_object_signed_arithmetic
[PASS] direct_object_structured_control_flow
[PASS] direct_object_integer_matrix
[PASS] direct_object_codegen_fastpaths
[PASS] direct_object_scalar_casts
[PASS] direct_object_abi_float_return
[PASS] direct_object_abi_float_args
[PASS] direct_object_abi_mixed_args
[PASS] direct_object_abi_float_symbol_args
[PASS] direct_object_abi_float4_args
[PASS] direct_object_abi_float_stack
[PASS] direct_object_cast_expression
[PASS] direct_object_int32_load_sign_ext
[PASS] direct_object_ok_global_int
[PASS] direct_object_global_string
[PASS] direct_object_extern_global_link_name
[PASS] direct_object_pointer_param_address
[PASS] direct_object_pointer_memory
[PASS] direct_object_byte_load_store_alias
[PASS] direct_object_struct_field_offset
[PASS] direct_object_array_struct_stride
[PASS] direct_object_function_pointer
[PASS] direct_object_runtime_null_deref
[PASS] main_argc_argv
[PASS] runtime_null_trace
[PASS] runtime_access_violation_trace
[PASS] crash_handler
[PASS] opt_reduction_unroll
[FAIL] profile_runtime :: profile-runtime build failed: mettle.exe : Warning: Internal linker PE emission failed: Unresolved external symbol 'mettle_crash_write_stderr'
At G:\Projects\Mettle\tests\run_tests.ps1:3068 char:19
+ ... fileBuild = & $CompilerPath --build --emit-obj --linker internal --pr ...
+                 ~~~~~~~~~~~~~~~~~~~~~~~~~~~~~~~~~~~~~~~~~~~~~~~~~~~~~~~~~
    + CategoryInfo          : NotSpecified: (Warning: Intern...h_write_stderr':String) [], RemoteException
    + FullyQualifiedErrorId : NativeCommandError
 
Error: Internal linker failed to produce an executable

[FAIL] profile_runtime_ops :: profile-runtime-ops build failed: mettle.exe : Warning: Internal linker PE emission failed: Unresolved external symbol 'mettle_crash_write_stderr'
At G:\Projects\Mettle\tests\run_tests.ps1:3113 char:22
+ ... eOpsBuild = & $CompilerPath --build --emit-obj --linker internal --pr ...
+                 ~~~~~~~~~~~~~~~~~~~~~~~~~~~~~~~~~~~~~~~~~~~~~~~~~~~~~~~~~
    + CategoryInfo          : NotSpecified: (Warning: Intern...h_write_stderr':String) [], RemoteException
    + FullyQualifiedErrorId : NativeCommandError
 
Error: Internal linker failed to produce an executable

[PASS] compiler_ice_report

Test summary: 259/273 passed
